// Vitest Snapshot v1, https://vitest.dev/guide/snapshot.html

exports[`components/navigation/sidebar/NavProjects.vue > matches snapshot (desktop) 1`] = `
"<div class="group-data-[collapsible=icon]:hidden">
  <div>Projects</div>
  <ul>
    <li><button as-child=""><a href="#">
          <!----><span>Design Engineering</span>
        </a></button>
      <div>
        <div as-child=""><button show-on-hover=""><svg xmlns="http://www.w3.org/2000/svg" width="24" height="24" viewBox="0 0 24 24" fill="none" stroke="currentColor" stroke-width="2" stroke-linecap="round" stroke-linejoin="round" class="lucide lucide-ellipsis-icon lucide-ellipsis">
              <circle cx="12" cy="12" r="1"></circle>
              <circle cx="19" cy="12" r="1"></circle>
              <circle cx="5" cy="12" r="1"></circle>
            </svg><span class="sr-only">More</span></button></div>
        <div data-side="right" data-align="start" class="w-48 rounded-lg">
          <div class="dropdown-menu-item"><svg xmlns="http://www.w3.org/2000/svg" width="24" height="24" viewBox="0 0 24 24" fill="none" stroke="currentColor" stroke-width="2" stroke-linecap="round" stroke-linejoin="round" class="lucide text-muted-foreground lucide-folder-icon lucide-folder text-muted-foreground">
              <path d="M20 20a2 2 0 0 0 2-2V8a2 2 0 0 0-2-2h-7.9a2 2 0 0 1-1.69-.9L9.6 3.9A2 2 0 0 0 7.93 3H4a2 2 0 0 0-2 2v13a2 2 0 0 0 2 2Z"></path>
            </svg><span>View Project</span></div>
          <div class="dropdown-menu-item"><svg xmlns="http://www.w3.org/2000/svg" width="24" height="24" viewBox="0 0 24 24" fill="none" stroke="currentColor" stroke-width="2" stroke-linecap="round" stroke-linejoin="round" class="lucide text-muted-foreground lucide-forward-icon lucide-forward text-muted-foreground">
              <path d="m15 17 5-5-5-5"></path>
              <path d="M4 18v-2a4 4 0 0 1 4-4h12"></path>
            </svg><span>Share Project</span></div>
          <hr>
          <div class="dropdown-menu-item"><svg xmlns="http://www.w3.org/2000/svg" width="24" height="24" viewBox="0 0 24 24" fill="none" stroke="currentColor" stroke-width="2" stroke-linecap="round" stroke-linejoin="round" class="lucide text-muted-foreground lucide-trash2-icon lucide-trash-2 text-muted-foreground">
              <path d="M10 11v6"></path>
              <path d="M14 11v6"></path>
              <path d="M19 6v14a2 2 0 0 1-2 2H7a2 2 0 0 1-2-2V6"></path>
              <path d="M3 6h18"></path>
              <path d="M8 6V4a2 2 0 0 1 2-2h4a2 2 0 0 1 2 2v2"></path>
            </svg><span>Delete Project</span></div>
        </div>
      </div>
    </li>
    <li><button as-child=""><a href="#">
          <!----><span>Sales &amp; Marketing</span>
        </a></button>
      <div>
        <div as-child=""><button show-on-hover=""><svg xmlns="http://www.w3.org/2000/svg" width="24" height="24" viewBox="0 0 24 24" fill="none" stroke="currentColor" stroke-width="2" stroke-linecap="round" stroke-linejoin="round" class="lucide lucide-ellipsis-icon lucide-ellipsis">
              <circle cx="12" cy="12" r="1"></circle>
              <circle cx="19" cy="12" r="1"></circle>
              <circle cx="5" cy="12" r="1"></circle>
            </svg><span class="sr-only">More</span></button></div>
        <div data-side="right" data-align="start" class="w-48 rounded-lg">
          <div class="dropdown-menu-item"><svg xmlns="http://www.w3.org/2000/svg" width="24" height="24" viewBox="0 0 24 24" fill="none" stroke="currentColor" stroke-width="2" stroke-linecap="round" stroke-linejoin="round" class="lucide text-muted-foreground lucide-folder-icon lucide-folder text-muted-foreground">
              <path d="M20 20a2 2 0 0 0 2-2V8a2 2 0 0 0-2-2h-7.9a2 2 0 0 1-1.69-.9L9.6 3.9A2 2 0 0 0 7.93 3H4a2 2 0 0 0-2 2v13a2 2 0 0 0 2 2Z"></path>
            </svg><span>View Project</span></div>
          <div class="dropdown-menu-item"><svg xmlns="http://www.w3.org/2000/svg" width="24" height="24" viewBox="0 0 24 24" fill="none" stroke="currentColor" stroke-width="2" stroke-linecap="round" stroke-linejoin="round" class="lucide text-muted-foreground lucide-forward-icon lucide-forward text-muted-foreground">
              <path d="m15 17 5-5-5-5"></path>
              <path d="M4 18v-2a4 4 0 0 1 4-4h12"></path>
            </svg><span>Share Project</span></div>
          <hr>
          <div class="dropdown-menu-item"><svg xmlns="http://www.w3.org/2000/svg" width="24" height="24" viewBox="0 0 24 24" fill="none" stroke="currentColor" stroke-width="2" stroke-linecap="round" stroke-linejoin="round" class="lucide text-muted-foreground lucide-trash2-icon lucide-trash-2 text-muted-foreground">
              <path d="M10 11v6"></path>
              <path d="M14 11v6"></path>
              <path d="M19 6v14a2 2 0 0 1-2 2H7a2 2 0 0 1-2-2V6"></path>
              <path d="M3 6h18"></path>
              <path d="M8 6V4a2 2 0 0 1 2-2h4a2 2 0 0 1 2 2v2"></path>
            </svg><span>Delete Project</span></div>
        </div>
      </div>
    </li>
    <li><button class="text-sidebar-foreground/70"><svg xmlns="http://www.w3.org/2000/svg" width="24" height="24" viewBox="0 0 24 24" fill="none" stroke="currentColor" stroke-width="2" stroke-linecap="round" stroke-linejoin="round" class="lucide text-sidebar-foreground/70 lucide-ellipsis-icon lucide-ellipsis text-sidebar-foreground/70">
          <circle cx="12" cy="12" r="1"></circle>
          <circle cx="19" cy="12" r="1"></circle>
          <circle cx="5" cy="12" r="1"></circle>
        </svg><span>More</span></button></li>
  </ul>
</div>"
`;
